// Jest Snapshot v1, https://goo.gl/fbAQLP

exports[`should render CartItem component 1`] = `
"<div className=\\"cart-item\\">
  <img src=\\"www.testImage.com\\" alt=\\"item\\" />
  <div className=\\"item-details\\">
    <span className=\\"name\\">
      hats
    </span>
    <span className=\\"price\\">
      2
       X 
      <span className=\\"dollar\\">
        $
      </span>
      10
    </span>
  </div>
</div>"
`;
